// Jest Snapshot v1, https://goo.gl/fbAQLP

exports[`various scenarios scenarios with async store updates and some components events 1`] = `""`;

exports[`various scenarios scenarios with async store updates and some components events 2`] = `"<div><button>Do stuff</button></div>"`;
